// Jest Snapshot v1, https://goo.gl/fbAQLP

exports[`checks main index for sameness 1`] = `
<main
  className="main"
>
  <div
    className="description"
  >
    <div>
       my test component what is going on here where is the text 
    </div>
  </div>
</main>
`;
